------------------------------------------------------------
Timing Analyzer Summary
------------------------------------------------------------

Type  : Slow 1100mV 85C Model Setup 'clk'
Slack : 0.466
TNS   : 0.000

Type  : Slow 1100mV 85C Model Hold 'clk'
Slack : 0.375
TNS   : 0.000

Type  : Slow 1100mV 85C Model Recovery 'clk'
Slack : 6.076
TNS   : 0.000

Type  : Slow 1100mV 85C Model Removal 'clk'
Slack : 1.422
TNS   : 0.000

Type  : Slow 1100mV 85C Model Minimum Pulse Width 'clk'
Slack : 3.404
TNS   : 0.000

Type  : Slow 1100mV 0C Model Setup 'clk'
Slack : 0.406
TNS   : 0.000

Type  : Slow 1100mV 0C Model Hold 'clk'
Slack : 0.363
TNS   : 0.000

Type  : Slow 1100mV 0C Model Recovery 'clk'
Slack : 6.054
TNS   : 0.000

Type  : Slow 1100mV 0C Model Removal 'clk'
Slack : 1.386
TNS   : 0.000

Type  : Slow 1100mV 0C Model Minimum Pulse Width 'clk'
Slack : 3.344
TNS   : 0.000

Type  : Fast 1100mV 85C Model Setup 'clk'
Slack : 4.303
TNS   : 0.000

Type  : Fast 1100mV 85C Model Hold 'clk'
Slack : 0.172
TNS   : 0.000

Type  : Fast 1100mV 85C Model Recovery 'clk'
Slack : 6.351
TNS   : 0.000

Type  : Fast 1100mV 85C Model Removal 'clk'
Slack : 1.955
TNS   : 0.000

Type  : Fast 1100mV 85C Model Minimum Pulse Width 'clk'
Slack : 3.894
TNS   : 0.000

Type  : Fast 1100mV 0C Model Setup 'clk'
Slack : 4.596
TNS   : 0.000

Type  : Fast 1100mV 0C Model Hold 'clk'
Slack : 0.158
TNS   : 0.000

Type  : Fast 1100mV 0C Model Recovery 'clk'
Slack : 6.346
TNS   : 0.000

Type  : Fast 1100mV 0C Model Removal 'clk'
Slack : 1.956
TNS   : 0.000

Type  : Fast 1100mV 0C Model Minimum Pulse Width 'clk'
Slack : 3.889
TNS   : 0.000

------------------------------------------------------------
