------------------------------------------------------------
Timing Analyzer Summary
------------------------------------------------------------

Type  : Slow 1100mV 85C Model Setup 'clk'
Slack : 1.419
TNS   : 0.000

Type  : Slow 1100mV 85C Model Hold 'clk'
Slack : 0.386
TNS   : 0.000

Type  : Slow 1100mV 85C Model Recovery 'clk'
Slack : 7.108
TNS   : 0.000

Type  : Slow 1100mV 85C Model Removal 'clk'
Slack : 1.649
TNS   : 0.000

Type  : Slow 1100mV 85C Model Minimum Pulse Width 'clk'
Slack : 3.902
TNS   : 0.000

Type  : Slow 1100mV 0C Model Setup 'clk'
Slack : 1.442
TNS   : 0.000

Type  : Slow 1100mV 0C Model Hold 'clk'
Slack : 0.367
TNS   : 0.000

Type  : Slow 1100mV 0C Model Recovery 'clk'
Slack : 7.086
TNS   : 0.000

Type  : Slow 1100mV 0C Model Removal 'clk'
Slack : 1.627
TNS   : 0.000

Type  : Slow 1100mV 0C Model Minimum Pulse Width 'clk'
Slack : 3.842
TNS   : 0.000

Type  : Fast 1100mV 85C Model Setup 'clk'
Slack : 5.127
TNS   : 0.000

Type  : Fast 1100mV 85C Model Hold 'clk'
Slack : 0.170
TNS   : 0.000

Type  : Fast 1100mV 85C Model Recovery 'clk'
Slack : 7.366
TNS   : 0.000

Type  : Fast 1100mV 85C Model Removal 'clk'
Slack : 1.989
TNS   : 0.000

Type  : Fast 1100mV 85C Model Minimum Pulse Width 'clk'
Slack : 4.395
TNS   : 0.000

Type  : Fast 1100mV 0C Model Setup 'clk'
Slack : 5.334
TNS   : 0.000

Type  : Fast 1100mV 0C Model Hold 'clk'
Slack : 0.130
TNS   : 0.000

Type  : Fast 1100mV 0C Model Recovery 'clk'
Slack : 7.360
TNS   : 0.000

Type  : Fast 1100mV 0C Model Removal 'clk'
Slack : 2.017
TNS   : 0.000

Type  : Fast 1100mV 0C Model Minimum Pulse Width 'clk'
Slack : 4.389
TNS   : 0.000

------------------------------------------------------------
