------------------------------------------------------------
Timing Analyzer Summary
------------------------------------------------------------

Type  : Slow 1100mV 85C Model Setup 'clk'
Slack : 28.785
TNS   : 0.000

Type  : Slow 1100mV 85C Model Hold 'clk'
Slack : 0.428
TNS   : 0.000

Type  : Slow 1100mV 85C Model Recovery 'clk'
Slack : 241.570
TNS   : 0.000

Type  : Slow 1100mV 85C Model Removal 'clk'
Slack : 6.252
TNS   : 0.000

Type  : Slow 1100mV 85C Model Minimum Pulse Width 'clk'
Slack : 124.246
TNS   : 0.000

Type  : Slow 1100mV 0C Model Setup 'clk'
Slack : 17.686
TNS   : 0.000

Type  : Slow 1100mV 0C Model Hold 'clk'
Slack : 0.406
TNS   : 0.000

Type  : Slow 1100mV 0C Model Recovery 'clk'
Slack : 242.384
TNS   : 0.000

Type  : Slow 1100mV 0C Model Removal 'clk'
Slack : 5.382
TNS   : 0.000

Type  : Slow 1100mV 0C Model Minimum Pulse Width 'clk'
Slack : 124.094
TNS   : 0.000

Type  : Fast 1100mV 85C Model Setup 'clk'
Slack : 150.442
TNS   : 0.000

Type  : Fast 1100mV 85C Model Hold 'clk'
Slack : 0.169
TNS   : 0.000

Type  : Fast 1100mV 85C Model Recovery 'clk'
Slack : 244.537
TNS   : 0.000

Type  : Fast 1100mV 85C Model Removal 'clk'
Slack : 3.855
TNS   : 0.000

Type  : Fast 1100mV 85C Model Minimum Pulse Width 'clk'
Slack : 124.413
TNS   : 0.000

Type  : Fast 1100mV 0C Model Setup 'clk'
Slack : 156.140
TNS   : 0.000

Type  : Fast 1100mV 0C Model Hold 'clk'
Slack : 0.152
TNS   : 0.000

Type  : Fast 1100mV 0C Model Recovery 'clk'
Slack : 244.730
TNS   : 0.000

Type  : Fast 1100mV 0C Model Removal 'clk'
Slack : 3.742
TNS   : 0.000

Type  : Fast 1100mV 0C Model Minimum Pulse Width 'clk'
Slack : 124.414
TNS   : 0.000

------------------------------------------------------------
