------------------------------------------------------------
Timing Analyzer Summary
------------------------------------------------------------

Type  : Slow 1100mV 85C Model Setup 'clk'
Slack : 0.489
TNS   : 0.000

Type  : Slow 1100mV 85C Model Hold 'clk'
Slack : 0.433
TNS   : 0.000

Type  : Slow 1100mV 85C Model Recovery 'clk'
Slack : 4.064
TNS   : 0.000

Type  : Slow 1100mV 85C Model Removal 'clk'
Slack : 0.579
TNS   : 0.000

Type  : Slow 1100mV 85C Model Minimum Pulse Width 'clk'
Slack : 3.407
TNS   : 0.000

Type  : Slow 1100mV 0C Model Setup 'clk'
Slack : 0.435
TNS   : 0.000

Type  : Slow 1100mV 0C Model Hold 'clk'
Slack : 0.419
TNS   : 0.000

Type  : Slow 1100mV 0C Model Recovery 'clk'
Slack : 2.871
TNS   : 0.000

Type  : Slow 1100mV 0C Model Removal 'clk'
Slack : 1.701
TNS   : 0.000

Type  : Slow 1100mV 0C Model Minimum Pulse Width 'clk'
Slack : 3.354
TNS   : 0.000

Type  : Fast 1100mV 85C Model Setup 'clk'
Slack : 4.527
TNS   : 0.000

Type  : Fast 1100mV 85C Model Hold 'clk'
Slack : 0.199
TNS   : 0.000

Type  : Fast 1100mV 85C Model Recovery 'clk'
Slack : 4.509
TNS   : 0.000

Type  : Fast 1100mV 85C Model Removal 'clk'
Slack : 2.132
TNS   : 0.000

Type  : Fast 1100mV 85C Model Minimum Pulse Width 'clk'
Slack : 3.895
TNS   : 0.000

Type  : Fast 1100mV 0C Model Setup 'clk'
Slack : 4.692
TNS   : 0.000

Type  : Fast 1100mV 0C Model Hold 'clk'
Slack : 0.181
TNS   : 0.000

Type  : Fast 1100mV 0C Model Recovery 'clk'
Slack : 5.373
TNS   : 0.000

Type  : Fast 1100mV 0C Model Removal 'clk'
Slack : 1.415
TNS   : 0.000

Type  : Fast 1100mV 0C Model Minimum Pulse Width 'clk'
Slack : 3.887
TNS   : 0.000

------------------------------------------------------------
