------------------------------------------------------------
Timing Analyzer Summary
------------------------------------------------------------

Type  : Slow 1100mV 85C Model Setup 'clk'
Slack : 237.126
TNS   : 0.000

Type  : Slow 1100mV 85C Model Hold 'clk'
Slack : 0.519
TNS   : 0.000

Type  : Slow 1100mV 85C Model Recovery 'clk'
Slack : 242.638
TNS   : 0.000

Type  : Slow 1100mV 85C Model Removal 'clk'
Slack : 5.844
TNS   : 0.000

Type  : Slow 1100mV 85C Model Minimum Pulse Width 'clk'
Slack : 124.218
TNS   : 0.000

Type  : Slow 1100mV 0C Model Setup 'clk'
Slack : 237.250
TNS   : 0.000

Type  : Slow 1100mV 0C Model Hold 'clk'
Slack : 0.532
TNS   : 0.000

Type  : Slow 1100mV 0C Model Recovery 'clk'
Slack : 243.465
TNS   : 0.000

Type  : Slow 1100mV 0C Model Removal 'clk'
Slack : 5.039
TNS   : 0.000

Type  : Slow 1100mV 0C Model Minimum Pulse Width 'clk'
Slack : 124.076
TNS   : 0.000

Type  : Fast 1100mV 85C Model Setup 'clk'
Slack : 243.112
TNS   : 0.000

Type  : Fast 1100mV 85C Model Hold 'clk'
Slack : 0.178
TNS   : 0.000

Type  : Fast 1100mV 85C Model Recovery 'clk'
Slack : 244.940
TNS   : 0.000

Type  : Fast 1100mV 85C Model Removal 'clk'
Slack : 3.805
TNS   : 0.000

Type  : Fast 1100mV 85C Model Minimum Pulse Width 'clk'
Slack : 124.410
TNS   : 0.000

Type  : Fast 1100mV 0C Model Setup 'clk'
Slack : 243.835
TNS   : 0.000

Type  : Fast 1100mV 0C Model Hold 'clk'
Slack : 0.171
TNS   : 0.000

Type  : Fast 1100mV 0C Model Recovery 'clk'
Slack : 245.065
TNS   : 0.000

Type  : Fast 1100mV 0C Model Removal 'clk'
Slack : 3.747
TNS   : 0.000

Type  : Fast 1100mV 0C Model Minimum Pulse Width 'clk'
Slack : 124.409
TNS   : 0.000

------------------------------------------------------------
