------------------------------------------------------------
Timing Analyzer Summary
------------------------------------------------------------

Type  : Slow 1100mV 85C Model Setup 'clk'
Slack : 0.489
TNS   : 0.000

Type  : Slow 1100mV 85C Model Hold 'clk'
Slack : 0.398
TNS   : 0.000

Type  : Slow 1100mV 85C Model Recovery 'clk'
Slack : 1.228
TNS   : 0.000

Type  : Slow 1100mV 85C Model Removal 'clk'
Slack : 1.827
TNS   : 0.000

Type  : Slow 1100mV 85C Model Minimum Pulse Width 'clk'
Slack : 3.463
TNS   : 0.000

Type  : Slow 1100mV 0C Model Setup 'clk'
Slack : 0.435
TNS   : 0.000

Type  : Slow 1100mV 0C Model Hold 'clk'
Slack : 0.379
TNS   : 0.000

Type  : Slow 1100mV 0C Model Recovery 'clk'
Slack : 1.411
TNS   : 0.000

Type  : Slow 1100mV 0C Model Removal 'clk'
Slack : 1.629
TNS   : 0.000

Type  : Slow 1100mV 0C Model Minimum Pulse Width 'clk'
Slack : 3.389
TNS   : 0.000

Type  : Fast 1100mV 85C Model Setup 'clk'
Slack : 4.407
TNS   : 0.000

Type  : Fast 1100mV 85C Model Hold 'clk'
Slack : 0.179
TNS   : 0.000

Type  : Fast 1100mV 85C Model Recovery 'clk'
Slack : 4.179
TNS   : 0.000

Type  : Fast 1100mV 85C Model Removal 'clk'
Slack : 1.909
TNS   : 0.000

Type  : Fast 1100mV 85C Model Minimum Pulse Width 'clk'
Slack : 3.893
TNS   : 0.000

Type  : Fast 1100mV 0C Model Setup 'clk'
Slack : 4.538
TNS   : 0.000

Type  : Fast 1100mV 0C Model Hold 'clk'
Slack : 0.168
TNS   : 0.000

Type  : Fast 1100mV 0C Model Recovery 'clk'
Slack : 4.256
TNS   : 0.000

Type  : Fast 1100mV 0C Model Removal 'clk'
Slack : 1.902
TNS   : 0.000

Type  : Fast 1100mV 0C Model Minimum Pulse Width 'clk'
Slack : 3.888
TNS   : 0.000

------------------------------------------------------------
